\BOOKMARK [1][-]{section.1}{\376\377\006\107\006\057\006\101\000\040\006\110\000\040\006\057\006\047\006\105\006\106\006\107\000\040\006\063\006\106\006\057}{}% 1
\BOOKMARK [1][-]{section.2}{\376\377\006\105\006\071\006\061\006\101\006\314\000\040\006\251\006\047\006\105\006\104\000\040\006\063\006\314\006\063\006\052\006\105}{}% 2
\BOOKMARK [2][-]{subsection.2.1}{\376\377\006\047\006\107\006\057\006\047\006\101\000\040\006\105\006\055\006\065\006\110\006\104}{section.2}% 3
\BOOKMARK [2][-]{subsection.2.2}{\376\377\006\251\006\047\006\061\006\050\006\061\006\047\006\106\000\040\006\110\000\040\006\106\006\102\006\064\040\014\006\107\006\047}{section.2}% 4
\BOOKMARK [1][-]{section.3}{\376\377\006\105\006\071\006\105\006\047\006\061\006\314\000\040\006\106\006\061\006\105\040\014\006\047\006\101\006\062\006\047\006\061}{}% 5
\BOOKMARK [2][-]{subsection.3.1}{\376\377\006\106\006\105\006\047\006\314\000\040\006\251\006\104\006\314\000\040\006\105\006\071\006\105\006\047\006\061\006\314}{section.3}% 6
\BOOKMARK [2][-]{subsection.3.2}{\376\377\006\106\006\105\006\110\006\057\006\047\006\061\000\040\006\105\006\052\006\106\006\314\000\040\006\047\006\054\006\062\006\047}{section.3}% 7
\BOOKMARK [2][-]{subsection.3.3}{\376\377\006\047\006\065\006\104\000\040\006\206\006\106\006\057\006\105\006\063\006\052\006\047\006\054\006\061\006\314}{section.3}% 8
\BOOKMARK [1][-]{section.4}{\376\377\006\101\006\106\006\047\006\110\006\061\006\314\040\014\006\107\006\047\006\314\000\040\006\047\006\063\006\052\006\101\006\047\006\057\006\107\000\040\006\064\006\057\006\107}{}% 9
\BOOKMARK [1][-]{section.5}{\376\377\006\110\006\047\006\050\006\063\006\052\006\257\006\314\040\014\006\107\006\047\000\040\006\110\000\040\000D\000e\000p\000e\000n\000d\000e\000n\000c\000y\006\107\006\047}{}% 10
\BOOKMARK [2][-]{subsection.5.1}{\376\377\006\110\006\047\006\050\006\063\006\052\006\257\006\314\040\014\006\107\006\047\006\314\000\040\000F\000r\000o\000n\000t\000e\000n\000d}{section.5}% 11
\BOOKMARK [2][-]{subsection.5.2}{\376\377\006\110\006\047\006\050\006\063\006\052\006\257\006\314\040\014\006\107\006\047\006\314\000\040\000B\000a\000c\000k\000e\000n\000d}{section.5}% 12
\BOOKMARK [2][-]{subsection.5.3}{\376\377\006\105\006\052\006\072\006\314\006\061\006\107\006\047\006\314\000\040\006\105\006\055\006\314\006\067\006\314\000\040\006\105\006\107\006\105}{section.5}% 13
\BOOKMARK [1][-]{section.6}{\376\377\006\063\006\047\006\056\006\052\006\047\006\061\000\040\000R\000e\000p\000o\000s\000i\000t\000o\000r\000y}{}% 14
\BOOKMARK [2][-]{subsection.6.1}{\376\377\006\052\006\110\006\066\006\314\006\055\000\040\006\176\006\110\006\064\006\107\040\014\006\107\006\047\006\314\000\040\006\047\006\065\006\104\006\314}{section.6}% 15
\BOOKMARK [1][-]{section.7}{\376\377\006\105\006\047\006\230\006\110\006\104\040\014\006\107\006\047\000\040\006\110\000\040\006\063\006\061\006\110\006\314\006\063\040\014\006\107\006\047\006\314\000\040\006\047\006\065\006\104\006\314}{}% 16
\BOOKMARK [2][-]{subsection.7.1}{\376\377\006\105\006\047\006\230\006\110\006\104\000\040\006\047\006\055\006\061\006\047\006\062\000\040\006\107\006\110\006\314\006\052}{section.7}% 17
\BOOKMARK [2][-]{subsection.7.2}{\376\377\006\105\006\047\006\230\006\110\006\104\000\040\006\057\006\063\006\052\006\061\006\063\006\314\000\040\006\063\006\047\006\314\006\052}{section.7}% 18
\BOOKMARK [2][-]{subsection.7.3}{\376\377\006\105\006\047\006\230\006\110\006\104\000\040\006\110\006\314\006\054\006\052\000\040\006\071\006\105\006\110\006\105\006\314}{section.7}% 19
\BOOKMARK [2][-]{subsection.7.4}{\376\377\006\105\006\047\006\230\006\110\006\104\000\040\006\105\006\251\006\047\006\104\006\105\006\047\006\052\000\040\006\110\000\040\006\176\006\064\006\052\006\314\006\050\006\047\006\106\006\314\000\040\006\047\006\106\006\063\006\047\006\106\006\314}{section.7}% 20
\BOOKMARK [2][-]{subsection.7.5}{\376\377\006\105\006\047\006\230\006\110\006\104\000\040\006\101\006\047\006\314\006\104\040\014\006\107\006\047\006\314\000\040\006\176\006\314\006\110\006\063\006\052}{section.7}% 21
\BOOKMARK [2][-]{subsection.7.6}{\376\377\006\105\006\047\006\230\006\110\006\104\000\040\006\176\006\104\006\106\000\040\006\110\000\040\006\105\006\055\006\057\006\110\006\057\006\314\006\052\000\040\006\105\006\065\006\061\006\101}{section.7}% 22
\BOOKMARK [2][-]{subsection.7.7}{\376\377\006\105\006\047\006\230\006\110\006\104\000\040\006\057\006\047\006\106\006\064\000\040\006\110\000\040\000A\000I}{section.7}% 23
\BOOKMARK [1][-]{section.8}{\376\377\000W\000o\000r\000k\000f\000l\000o\000w\000\040\006\063\006\314\006\063\006\052\006\105}{}% 24
\BOOKMARK [2][-]{subsection.8.1}{\376\377\006\054\006\061\006\314\006\047\006\106\000\040\006\106\006\065\006\050\000\040\006\110\000\040\006\061\006\047\006\107\040\014\006\047\006\106\006\057\006\047\006\062\006\314\000\040\006\105\006\064\006\052\006\061\006\314}{section.8}% 25
\BOOKMARK [2][-]{subsection.8.2}{\376\377\006\054\006\061\006\314\006\047\006\106\000\040\006\105\006\251\006\047\006\104\006\105\006\107\000\040\006\050\006\047\006\062\006\057\006\314\006\057\006\251\006\106\006\106\006\057\006\107}{section.8}% 26
\BOOKMARK [2][-]{subsection.8.3}{\376\377\006\054\006\061\006\314\006\047\006\106\000\040\006\176\006\314\006\064\006\106\006\107\006\047\006\057\000\040\006\176\006\047\006\063\006\056\000\040\000A\000I\000\040\006\050\006\061\006\047\006\314\000\040\006\047\006\176\006\061\006\047\006\052\006\110\006\061}{section.8}% 27
\BOOKMARK [2][-]{subsection.8.4}{\376\377\006\054\006\061\006\314\006\047\006\106\000\040\006\176\006\047\006\063\006\056\000\040\006\056\006\110\006\057\006\251\006\047\006\061\000\040\000A\000I}{section.8}% 28
\BOOKMARK [1][-]{section.9}{\376\377\006\105\006\110\006\052\006\110\006\061\000\040\006\176\006\047\006\063\006\056\040\014\006\057\006\107\006\314\000\040\006\107\006\110\006\064\006\105\006\106\006\057}{}% 29
\BOOKMARK [2][-]{subsection.9.1}{\376\377\000P\000i\000p\000e\000l\000i\000n\000e\000\040\006\101\006\106\006\314}{section.9}% 30
\BOOKMARK [2][-]{subsection.9.2}{\376\377\006\206\006\061\006\047\006\314\006\314\000\040\006\047\006\106\006\052\006\056\006\047\006\050\000\040\006\061\006\110\006\314\006\251\006\061\006\057\000\040\006\047\006\063\006\052\006\056\006\061\006\047\006\054\006\314}{section.9}% 31
\BOOKMARK [2][-]{subsection.9.3}{\376\377\000C\000r\000a\000w\000l\000e\000r\000\040\006\110\000\040\006\042\006\105\006\047\006\057\006\107\040\014\006\063\006\047\006\062\006\314\000\040\006\057\006\047\006\106\006\064}{section.9}% 32
\BOOKMARK [1][-]{section.10}{\376\377\006\063\006\047\006\056\006\052\006\047\006\061\000\040\006\176\006\047\006\314\006\257\006\047\006\107\000\040\006\057\006\047\006\057\006\107}{}% 33
\BOOKMARK [2][-]{subsection.10.1}{\376\377\006\054\006\057\006\047\006\110\006\104\000\040\006\047\006\065\006\104\006\314\000\040\006\047\006\063\006\052\006\106\006\050\006\047\006\067\040\014\006\064\006\057\006\107}{section.10}% 34
\BOOKMARK [2][-]{subsection.10.2}{\376\377\006\054\006\057\006\047\006\110\006\104\000\040\000A\000I\000\040\006\105\006\110\006\054\006\110\006\057\000\040\006\057\006\061\000\040\000m\000i\000g\000r\000a\000t\000i\000o\000n}{section.10}% 35
\BOOKMARK [1][-]{section.11}{\376\377\000A\000P\000I\000\040\006\110\000\040\006\257\006\061\006\110\006\107\000\040\000E\000n\000d\000p\000o\000i\000n\000t\006\107\006\047}{}% 36
\BOOKMARK [2][-]{subsection.11.1}{\376\377\006\257\006\061\006\110\006\107\000\040\000A\000u\000t\000h}{section.11}% 37
\BOOKMARK [2][-]{subsection.11.2}{\376\377\006\257\006\061\006\110\006\107\000\040\000W\000i\000d\000g\000e\000t}{section.11}% 38
\BOOKMARK [2][-]{subsection.11.3}{\376\377\006\257\006\061\006\110\006\107\000\040\000A\000g\000e\000n\000t}{section.11}% 39
\BOOKMARK [2][-]{subsection.11.4}{\376\377\006\257\006\061\006\110\006\107\000\040\000C\000u\000s\000t\000o\000m\000e\000r\000\040\000A\000d\000m\000i\000n}{section.11}% 40
\BOOKMARK [2][-]{subsection.11.5}{\376\377\006\257\006\061\006\110\006\107\000\040\000S\000u\000p\000e\000r\000\040\000A\000d\000m\000i\000n}{section.11}% 41
\BOOKMARK [1][-]{section.12}{\376\377\000D\000e\000s\000i\000g\000n\000\040\000P\000a\000t\000t\000e\000r\000n\006\107\006\047\000\040\006\110\000\040\006\052\006\065\006\105\006\314\006\105\040\014\006\107\006\047\006\314\000\040\006\105\006\071\006\105\006\047\006\061\006\314}{}% 42
\BOOKMARK [2][-]{subsection.12.1}{\376\377\000E\000n\000d\000p\000o\000i\000n\000t\000-\000p\000e\000r\000-\000f\000i\000l\000e}{section.12}% 43
\BOOKMARK [2][-]{subsection.12.2}{\376\377\000S\000h\000a\000r\000e\000d\000\040\000I\000n\000c\000l\000u\000d\000e\000s}{section.12}% 44
\BOOKMARK [2][-]{subsection.12.3}{\376\377\000R\000e\000p\000o\000s\000i\000t\000o\000r\000y\000/\000S\000e\000r\000v\000i\000c\000e\000\040\006\063\006\050\006\251\000\040\006\057\006\061\000\040\000F\000r\000o\000n\000t\000e\000n\000d}{section.12}% 45
\BOOKMARK [2][-]{subsection.12.4}{\376\377\000P\000o\000l\000i\000c\000y\000-\000b\000a\000s\000e\000d\000\040\000A\000c\000c\000e\000s\000s}{section.12}% 46
\BOOKMARK [2][-]{subsection.12.5}{\376\377\000K\000n\000o\000w\000l\000e\000d\000g\000e\000-\000g\000r\000o\000u\000n\000d\000e\000d\000\040\000A\000I}{section.12}% 47
\BOOKMARK [1][-]{section.13}{\376\377\006\047\006\105\006\106\006\314\006\052\000\040\006\110\000\040\006\251\006\106\006\052\006\061\006\104\000\040\006\063\006\110\006\041\006\047\006\063\006\052\006\101\006\047\006\057\006\107}{}% 48
\BOOKMARK [2][-]{subsection.13.1}{\376\377\006\106\006\251\006\047\006\052\000\040\006\047\006\105\006\106\006\314\006\052\006\314\000\040\006\106\006\314\006\047\006\062\006\105\006\106\006\057\000\040\006\050\006\047\006\062\006\050\006\314\006\106\006\314\000\040\006\102\006\050\006\104\000\040\006\047\006\062\000\040\006\052\006\110\006\104\006\314\006\057}{section.13}% 49
\BOOKMARK [1][-]{section.14}{\376\377\000G\000i\000t\000\040\000F\000l\000o\000w\000\040\006\110\000\040\006\105\006\057\006\314\006\061\006\314\006\052\000\040\006\106\006\063\006\056\006\107}{}% 50
\BOOKMARK [1][-]{section.15}{\376\377\006\251\006\314\006\101\006\314\006\052\006\014\000\040\006\052\006\063\006\052\000\040\006\110\000\040\006\176\006\047\006\314\006\064}{}% 51
\BOOKMARK [1][-]{section.16}{\376\377\006\105\006\055\006\057\006\110\006\057\006\314\006\052\040\014\006\107\006\047\006\314\000\040\006\101\006\071\006\104\006\314\000\040\006\110\000\040\006\061\006\314\006\063\006\251\040\014\006\107\006\047\006\314\000\040\006\101\006\106\006\314}{}% 52
\BOOKMARK [1][-]{section.17}{\376\377\006\054\006\105\006\071\040\014\006\050\006\106\006\057\006\314\000\040\006\101\006\106\006\314}{}% 53
