\BOOKMARK [1][-]{section.1}{\376\377\006\107\006\057\006\101\000\040\006\110\000\040\006\057\006\047\006\105\006\106\006\107\000\040\006\063\006\106\006\057}{}% 1
\BOOKMARK [1][-]{section.2}{\376\377\006\106\006\105\006\047\006\314\000\040\006\251\006\104\006\314\000\040\006\047\006\054\006\062\006\047\006\314\000\040\006\102\006\047\006\050\006\104\000\040\006\047\006\063\006\052\006\102\006\061\006\047\006\061}{}% 2
\BOOKMARK [1][-]{section.3}{\376\377\006\110\006\066\006\071\006\314\006\052\000\040\006\101\006\071\006\104\006\314\000\040\000R\000e\000p\000o\000s\000i\000t\000o\000r\000y}{}% 3
\BOOKMARK [2][-]{subsection.3.1}{\376\377\006\101\006\047\006\314\006\104\040\014\006\107\006\047\000\040\006\110\000\040\006\047\006\050\006\062\006\047\006\061\006\107\006\047\006\314\000\040\006\105\006\110\006\054\006\110\006\057}{section.3}% 4
\BOOKMARK [2][-]{subsection.3.2}{\376\377\006\101\006\047\006\314\006\104\040\014\006\107\006\047\000\040\006\110\000\040\006\101\006\061\006\042\006\314\006\106\006\057\006\107\006\047\006\314\000\040\006\072\006\047\006\314\006\050}{section.3}% 5
\BOOKMARK [1][-]{section.4}{\376\377\006\105\006\055\006\314\006\067\040\014\006\107\006\047\006\314\000\040\006\071\006\105\006\104\006\314\006\047\006\052\006\314}{}% 6
\BOOKMARK [2][-]{subsection.4.1}{\376\377\006\105\006\052\006\072\006\314\006\061\006\107\006\047\006\314\000\040\006\105\006\055\006\314\006\067\006\314\000\040\000b\000a\000c\000k\000e\000n\000d}{section.4}% 7
\BOOKMARK [2][-]{subsection.4.2}{\376\377\006\105\006\052\006\072\006\314\006\061\006\107\006\047\006\314\000\040\000f\000r\000o\000n\000t\000e\000n\000d}{section.4}% 8
\BOOKMARK [1][-]{section.5}{\376\377\006\047\006\054\006\061\006\047\006\314\000\040\006\105\006\055\006\104\006\314}{}% 9
\BOOKMARK [2][-]{subsection.5.1}{\376\377\006\176\006\314\006\064\040\014\006\106\006\314\006\047\006\062\006\107\006\047}{section.5}% 10
\BOOKMARK [2][-]{subsection.5.2}{\376\377\006\061\006\047\006\107\040\014\006\047\006\106\006\057\006\047\006\062\006\314\000\040\000b\000a\000c\000k\000e\000n\000d}{section.5}% 11
\BOOKMARK [2][-]{subsection.5.3}{\376\377\006\061\006\047\006\107\040\014\006\047\006\106\006\057\006\047\006\062\006\314\000\040\000f\000r\000o\000n\000t\000e\000n\000d}{section.5}% 12
\BOOKMARK [2][-]{subsection.5.4}{\376\377\006\061\006\047\006\107\040\014\006\047\006\106\006\057\006\047\006\062\006\314\000\040\000w\000i\000d\000g\000e\000t}{section.5}% 13
\BOOKMARK [1][-]{section.6}{\376\377\000G\000i\000t\000\040\006\110\000\040\000B\000r\000a\000n\000c\000h\000\040\000S\000t\000r\000a\000t\000e\000g\000y}{}% 14
\BOOKMARK [2][-]{subsection.6.1}{\376\377\006\102\006\110\006\047\006\071\006\057\000\040\006\176\006\047\006\314\006\107\000\040\000G\000i\000t}{section.6}% 15
\BOOKMARK [2][-]{subsection.6.2}{\376\377\000G\000i\000t\000\040\000F\000l\000o\000w\000\040\006\176\006\314\006\064\006\106\006\107\006\047\006\057\006\314}{section.6}% 16
\BOOKMARK [2][-]{subsection.6.3}{\376\377\000M\000e\000r\000g\000e\000\040\000R\000e\000q\000u\000e\000s\000t}{section.6}% 17
\BOOKMARK [1][-]{section.7}{\376\377\000V\000e\000r\000s\000i\000o\000n\000i\000n\000g\000\040\006\110\000\040\000R\000e\000l\000e\000a\000s\000e}{}% 18
\BOOKMARK [1][-]{section.8}{\376\377\000B\000u\000i\000l\000d\000\040\006\110\000\040\000A\000r\000t\000i\000f\000a\000c\000t}{}% 19
\BOOKMARK [2][-]{subsection.8.1}{\376\377\000B\000a\000c\000k\000e\000n\000d}{section.8}% 20
\BOOKMARK [2][-]{subsection.8.2}{\376\377\000F\000r\000o\000n\000t\000e\000n\000d}{section.8}% 21
\BOOKMARK [2][-]{subsection.8.3}{\376\377\000W\000i\000d\000g\000e\000t}{section.8}% 22
\BOOKMARK [1][-]{section.9}{\376\377\000D\000o\000c\000k\000e\000r\000\040\006\110\000\040\000D\000o\000c\000k\000e\000r\000\040\000C\000o\000m\000p\000o\000s\000e}{}% 23
\BOOKMARK [2][-]{subsection.9.1}{\376\377\006\110\006\066\006\071\006\314\006\052\000\040\006\101\006\071\006\104\006\314}{section.9}% 24
\BOOKMARK [2][-]{subsection.9.2}{\376\377\006\067\006\061\006\055\000\040\006\176\006\314\006\064\006\106\006\107\006\047\006\057\006\314\000\040\000D\000o\000c\000k\000e\000r}{section.9}% 25
\BOOKMARK [2][-]{subsection.9.3}{\376\377\006\067\006\061\006\055\000\040\006\176\006\314\006\064\006\106\006\107\006\047\006\057\006\314\000\040\000D\000o\000c\000k\000e\000r\000\040\000C\000o\000m\000p\000o\000s\000e}{section.9}% 26
\BOOKMARK [1][-]{section.10}{\376\377\000K\000u\000b\000e\000r\000n\000e\000t\000e\000s}{}% 27
\BOOKMARK [1][-]{section.11}{\376\377\000C\000I\000/\000C\000D}{}% 28
\BOOKMARK [2][-]{subsection.11.1}{\376\377\006\110\006\066\006\071\006\314\006\052\000\040\006\101\006\071\006\104\006\314}{section.11}% 29
\BOOKMARK [2][-]{subsection.11.2}{\376\377\000P\000i\000p\000e\000l\000i\000n\000e\000\040\006\176\006\314\006\064\006\106\006\107\006\047\006\057\006\314}{section.11}% 30
\BOOKMARK [2][-]{subsection.11.3}{\376\377\006\106\006\105\006\110\006\106\006\107\000\040\006\057\006\063\006\052\006\110\006\061\006\047\006\052\000\040\000C\000I}{section.11}% 31
\BOOKMARK [1][-]{section.12}{\376\377\000D\000e\000p\000l\000o\000y\000m\000e\000n\000t}{}% 32
\BOOKMARK [2][-]{subsection.12.1}{\376\377\000D\000e\000p\000l\000o\000y\000m\000e\000n\000t\000\040\006\176\006\314\006\064\006\106\006\107\006\047\006\057\006\314\000\040\006\061\006\110\006\314\000\040\000V\000M}{section.12}% 33
\BOOKMARK [2][-]{subsection.12.2}{\376\377\006\105\006\063\006\314\006\061\006\107\006\047\006\314\000\040\006\176\006\314\006\064\006\106\006\107\006\047\006\057\006\314\000\040\000p\000r\000o\000d\000u\000c\000t\000i\000o\000n}{section.12}% 34
\BOOKMARK [1][-]{section.13}{\376\377\000D\000a\000t\000a\000b\000a\000s\000e\000\040\000M\000i\000g\000r\000a\000t\000i\000o\000n}{}% 35
\BOOKMARK [1][-]{section.14}{\376\377\000R\000o\000l\000l\000b\000a\000c\000k}{}% 36
\BOOKMARK [2][-]{subsection.14.1}{\376\377\006\047\006\065\006\110\006\104\000\040\000r\000o\000l\000l\000b\000a\000c\000k}{section.14}% 37
\BOOKMARK [2][-]{subsection.14.2}{\376\377\006\063\006\106\006\047\006\061\006\314\006\110\006\107\006\047\006\314\000\040\000r\000o\000l\000l\000b\000a\000c\000k}{section.14}% 38
\BOOKMARK [1][-]{section.15}{\376\377\000M\000o\000n\000i\000t\000o\000r\000i\000n\000g}{}% 39
\BOOKMARK [2][-]{subsection.15.1}{\376\377\000H\000e\000a\000l\000t\000h\000\040\000C\000h\000e\000c\000k}{section.15}% 40
\BOOKMARK [2][-]{subsection.15.2}{\376\377\006\064\006\047\006\056\006\065\040\014\006\107\006\047\006\314\000\040\006\105\006\047\006\106\006\314\006\052\006\110\006\061\006\314\006\106\006\257}{section.15}% 41
\BOOKMARK [1][-]{section.16}{\376\377\000L\000o\000g\000g\000i\000n\000g}{}% 42
\BOOKMARK [2][-]{subsection.16.1}{\376\377\006\110\006\066\006\071\006\314\006\052\000\040\006\101\006\071\006\104\006\314}{section.16}% 43
\BOOKMARK [2][-]{subsection.16.2}{\376\377\006\176\006\314\006\064\006\106\006\107\006\047\006\057\000\040\000p\000r\000o\000d\000u\000c\000t\000i\000o\000n}{section.16}% 44
\BOOKMARK [1][-]{section.17}{\376\377\000T\000r\000a\000c\000i\000n\000g}{}% 45
\BOOKMARK [1][-]{section.18}{\376\377\000A\000u\000t\000o\000\040\000D\000e\000p\000l\000o\000y}{}% 46
\BOOKMARK [1][-]{section.19}{\376\377\000B\000a\000c\000k\000u\000p\000\040\006\110\000\040\006\106\006\257\006\107\006\057\006\047\006\061\006\314}{}% 47
\BOOKMARK [1][-]{section.20}{\376\377\006\206\006\251\040\014\006\104\006\314\006\063\006\052\000\040\000R\000e\000l\000e\000a\000s\000e\000\040\000P\000r\000o\000d\000u\000c\000t\000i\000o\000n}{}% 48
\BOOKMARK [1][-]{section.21}{\376\377\006\054\006\105\006\071\040\014\006\050\006\106\006\057\006\314}{}% 49
