\BOOKMARK [1][-]{section.1}{\376\377\006\107\006\057\006\101\000\040\006\110\000\040\006\057\006\047\006\105\006\106\006\107\000\040\006\063\006\106\006\057}{}% 1
\BOOKMARK [1][-]{section.2}{\376\377\006\106\006\105\006\047\006\314\000\040\006\251\006\104\006\314\000\040\006\105\006\071\006\105\006\047\006\061\006\314\000\040\000A\000I}{}% 2
\BOOKMARK [1][-]{section.3}{\376\377\006\047\006\054\006\062\006\047\006\314\000\040\006\176\006\314\006\047\006\057\006\107\040\014\006\063\006\047\006\062\006\314}{}% 3
\BOOKMARK [1][-]{section.4}{\376\377\000P\000i\000p\000e\000l\000i\000n\000e\000\040\006\047\006\065\006\104\006\314\000\040\000A\000I}{}% 4
\BOOKMARK [2][-]{subsection.4.1}{\376\377\000P\000i\000p\000e\000l\000i\000n\000e\000\040\006\063\006\047\006\056\006\052\000\040\006\057\006\047\006\106\006\064}{section.4}% 5
\BOOKMARK [2][-]{subsection.4.2}{\376\377\000P\000i\000p\000e\000l\000i\000n\000e\000\040\006\176\006\047\006\063\006\056\040\014\006\057\006\107\006\314}{section.4}% 6
\BOOKMARK [1][-]{section.5}{\376\377\000N\000L\000P\000\040\000P\000i\000p\000e\000l\000i\000n\000e}{}% 7
\BOOKMARK [2][-]{subsection.5.1}{\376\377\006\106\006\061\006\105\006\047\006\104\040\014\006\063\006\047\006\062\006\314\000\040\006\105\006\052\006\106}{section.5}% 8
\BOOKMARK [2][-]{subsection.5.2}{\376\377\006\052\006\110\006\251\006\106\040\014\006\063\006\047\006\062\006\314\000\040\006\063\006\110\006\047\006\104}{section.5}% 9
\BOOKMARK [2][-]{subsection.5.3}{\376\377\006\052\006\064\006\056\006\314\006\065\000\040\006\106\006\314\006\052\000\040\006\110\000\040\006\057\006\063\006\052\006\107\040\014\006\050\006\106\006\057\006\314}{section.5}% 10
\BOOKMARK [1][-]{section.6}{\376\377\000P\000r\000o\000m\000p\000t\000\040\000E\000n\000g\000i\000n\000e\000e\000r\000i\000n\000g\000\040\006\110\000\040\006\105\006\106\006\067\006\102\000\040\006\102\006\047\006\104\006\050\040\014\006\107\006\047}{}% 11
\BOOKMARK [2][-]{subsection.6.1}{\376\377\006\102\006\047\006\104\006\050\000\040\006\052\006\110\006\104\006\314\006\057\000\040\006\063\006\110\006\047\006\104}{section.6}% 12
\BOOKMARK [2][-]{subsection.6.2}{\376\377\006\102\006\047\006\104\006\050\000\040\006\176\006\047\006\063\006\056\000\040\006\047\006\063\006\052\006\056\006\061\006\047\006\054\006\314}{section.6}% 13
\BOOKMARK [1][-]{section.7}{\376\377\000E\000m\000b\000e\000d\000d\000i\000n\000g\000\040\006\110\000\040\000V\000e\000c\000t\000o\000r\000\040\000D\000a\000t\000a\000b\000a\000s\000e}{}% 14
\BOOKMARK [1][-]{section.8}{\376\377\000S\000e\000m\000a\000n\000t\000i\000c\000\040\000S\000e\000a\000r\000c\000h\000\040\006\110\000\040\000D\000o\000c\000u\000m\000e\000n\000t\000\040\000R\000e\000t\000r\000i\000e\000v\000a\000l}{}% 15
\BOOKMARK [2][-]{subsection.8.1}{\376\377\000R\000a\000n\000k\000i\000n\000g}{section.8}% 16
\BOOKMARK [1][-]{section.9}{\376\377\000R\000A\000G\000\040\006\057\006\061\000\040\006\105\006\071\006\105\006\047\006\061\006\314\000\040\006\101\006\071\006\104\006\314}{}% 17
\BOOKMARK [1][-]{section.10}{\376\377\000E\000n\000t\000i\000t\000y\000\040\000E\000x\000t\000r\000a\000c\000t\000i\000o\000n}{}% 18
\BOOKMARK [1][-]{section.11}{\376\377\000M\000e\000m\000o\000r\000y\000\040\006\110\000\040\000C\000o\000n\000t\000e\000x\000t\000\040\000M\000a\000n\000a\000g\000e\000m\000e\000n\000t}{}% 19
\BOOKMARK [1][-]{section.12}{\376\377\000R\000e\000s\000p\000o\000n\000s\000e\000\040\000G\000e\000n\000e\000r\000a\000t\000i\000o\000n}{}% 20
\BOOKMARK [1][-]{section.13}{\376\377\000F\000a\000l\000l\000b\000a\000c\000k\000\040\000L\000o\000g\000i\000c}{}% 21
\BOOKMARK [1][-]{section.14}{\376\377\000C\000a\000c\000h\000i\000n\000g}{}% 22
\BOOKMARK [1][-]{section.15}{\376\377\000M\000o\000d\000e\000l\000\040\000S\000e\000l\000e\000c\000t\000i\000o\000n}{}% 23
\BOOKMARK [1][-]{section.16}{\376\377\000R\000e\000a\000s\000o\000n\000i\000n\000g}{}% 24
\BOOKMARK [1][-]{section.17}{\376\377\000F\000i\000n\000e\000\040\000T\000u\000n\000i\000n\000g}{}% 25
\BOOKMARK [1][-]{section.18}{\376\377\000E\000v\000a\000l\000u\000a\000t\000i\000o\000n}{}% 26
\BOOKMARK [1][-]{section.19}{\376\377\006\251\006\106\006\052\006\061\006\104\040\014\006\107\006\047\006\314\000\040\006\047\006\105\006\106\006\314\006\052\006\314\000\040\006\110\000\040\006\057\006\063\006\052\006\061\006\063\006\314\000\040\006\057\006\061\000\040\000A\000I}{}% 27
\BOOKMARK [1][-]{section.20}{\376\377\006\105\006\055\006\057\006\110\006\057\006\314\006\052\040\014\006\107\006\047\006\314\000\040\006\101\006\071\006\104\006\314\000\040\006\110\000\040\006\105\006\063\006\314\006\061\000\040\006\052\006\110\006\063\006\071\006\107}{}% 28
\BOOKMARK [1][-]{section.21}{\376\377\006\054\006\105\006\071\040\014\006\050\006\106\006\057\006\314}{}% 29
