\BOOKMARK [1][-]{section.1}{\376\377\006\107\006\057\006\101\000\040\006\110\000\040\006\057\006\047\006\105\006\106\006\107\000\040\006\063\006\106\006\057}{}% 1
\BOOKMARK [1][-]{section.2}{\376\377\006\102\006\061\006\047\006\061\006\057\006\047\006\057\006\107\006\047\006\314\000\040\006\071\006\105\006\110\006\105\006\314\000\040\000A\000P\000I}{}% 2
\BOOKMARK [2][-]{subsection.2.1}{\376\377\006\042\006\057\006\061\006\063\000\040\006\176\006\047\006\314\006\107}{section.2}% 3
\BOOKMARK [2][-]{subsection.2.2}{\376\377\006\102\006\047\006\104\006\050\000\040\006\057\006\047\006\057\006\107\000\040\006\110\000\040\006\107\006\057\006\061\006\107\006\047}{section.2}% 4
\BOOKMARK [2][-]{subsection.2.3}{\376\377\006\102\006\047\006\104\006\050\000\040\006\176\006\047\006\063\006\056\000\040\006\105\006\110\006\101\006\102\000\040\006\110\000\040\006\056\006\067\006\047}{section.2}% 5
\BOOKMARK [2][-]{subsection.2.4}{\376\377\006\251\006\057\006\107\006\047\006\314\000\040\006\110\006\066\006\071\006\314\006\052\000\040\000H\000T\000T\000P}{section.2}% 6
\BOOKMARK [2][-]{subsection.2.5}{\376\377\006\047\006\055\006\061\006\047\006\062\000\040\006\107\006\110\006\314\006\052\000\040\006\110\000\040\006\106\006\102\006\064\040\014\006\107\006\047}{section.2}% 7
\BOOKMARK [1][-]{section.3}{\376\377\006\251\006\047\006\052\006\047\006\104\006\110\006\257\000\040\000E\000n\000d\000p\000o\000i\000n\000t\006\107\006\047}{}% 8
\BOOKMARK [2][-]{subsection.3.1}{\376\377\006\047\006\055\006\061\006\047\006\062\000\040\006\107\006\110\006\314\006\052}{section.3}% 9
\BOOKMARK [2][-]{subsection.3.2}{\376\377\006\110\006\314\006\054\006\052\000\040\006\071\006\105\006\110\006\105\006\314}{section.3}% 10
\BOOKMARK [2][-]{subsection.3.3}{\376\377\006\176\006\106\006\104\000\040\006\047\006\176\006\061\006\047\006\052\006\110\006\061}{section.3}% 11
\BOOKMARK [2][-]{subsection.3.4}{\376\377\006\176\006\106\006\104\000\040\006\105\006\064\006\052\006\061\006\314}{section.3}% 12
\BOOKMARK [2][-]{subsection.3.5}{\376\377\006\176\006\106\006\104\000\040\006\063\006\110\006\176\006\061\006\047\006\057\006\105\006\314\006\106}{section.3}% 13
\BOOKMARK [1][-]{section.4}{\376\377\006\054\006\061\006\314\006\047\006\106\040\014\006\107\006\047\006\314\000\040\006\071\006\105\006\104\006\314\006\047\006\052\006\314\000\040\006\110\000\040\006\106\006\105\006\110\006\106\006\107\000\040\006\102\006\061\006\047\006\061\006\057\006\047\006\057}{}% 14
\BOOKMARK [2][-]{subsection.4.1}{\376\377\006\110\006\061\006\110\006\057\000\040\006\110\000\040\006\047\006\063\006\052\006\101\006\047\006\057\006\107\000\040\006\047\006\062\000\040\006\052\006\110\006\251\006\106}{section.4}% 15
\BOOKMARK [2][-]{subsection.4.2}{\376\377\006\054\006\061\006\314\006\047\006\106\000\040\006\061\006\047\006\107\040\014\006\047\006\106\006\057\006\047\006\062\006\314\000\040\006\110\006\314\006\054\006\052}{section.4}% 16
\BOOKMARK [2][-]{subsection.4.3}{\376\377\006\054\006\061\006\314\006\047\006\106\000\040\006\047\006\176\006\061\006\047\006\052\006\110\006\061\000\040\006\110\000\040\006\176\006\314\006\064\006\106\006\107\006\047\006\057\000\040\000A\000I}{section.4}% 17
\BOOKMARK [2][-]{subsection.4.4}{\376\377\006\054\006\061\006\314\006\047\006\106\000\040\006\105\006\057\006\314\006\061\006\314\006\052\000\040\000A\000I\000\040\006\110\000\040\006\057\006\047\006\106\006\064\000\040\006\057\006\061\000\040\006\176\006\106\006\104\000\040\006\105\006\064\006\052\006\061\006\314}{section.4}% 18
\BOOKMARK [2][-]{subsection.4.5}{\376\377\006\054\006\061\006\314\006\047\006\106\000\040\006\105\006\057\006\314\006\061\006\314\006\052\000\040\006\105\006\064\006\052\006\061\006\314\000\040\006\110\000\040\006\176\006\104\006\106\000\040\006\052\006\110\006\063\006\067\000\040\006\063\006\110\006\176\006\061\006\047\006\057\006\105\006\314\006\106}{section.4}% 19
\BOOKMARK [1][-]{section.5}{\376\377\006\102\006\110\006\047\006\071\006\057\000\040\006\047\006\105\006\106\006\314\006\052\006\314\000\040\006\110\000\040\006\071\006\105\006\104\006\314\006\047\006\052\006\314}{}% 20
\BOOKMARK [2][-]{subsection.5.1}{\376\377\000J\000W\000T\000\040\006\110\000\040\006\047\006\050\006\067\006\047\006\104\000\040\006\106\006\064\006\063\006\052}{section.5}% 21
\BOOKMARK [2][-]{subsection.5.2}{\376\377\006\251\006\106\006\052\006\061\006\104\000\040\006\106\006\102\006\064\000\040\006\110\000\040\006\105\006\047\006\104\006\251\006\314\006\052\000\040\006\057\006\047\006\057\006\107}{section.5}% 22
\BOOKMARK [2][-]{subsection.5.3}{\376\377\006\047\006\105\006\106\006\314\006\052\000\040\006\110\006\314\006\054\006\052\000\040\006\071\006\105\006\110\006\105\006\314}{section.5}% 23
\BOOKMARK [2][-]{subsection.5.4}{\376\377\006\105\006\055\006\057\006\110\006\057\006\314\006\052\000\040\006\106\006\061\006\056}{section.5}% 24
\BOOKMARK [2][-]{subsection.5.5}{\376\377\006\050\006\047\006\061\006\257\006\060\006\047\006\061\006\314\000\040\006\101\006\047\006\314\006\104}{section.5}% 25
\BOOKMARK [2][-]{subsection.5.6}{\376\377\006\055\006\060\006\101\000\040\006\047\006\067\006\104\006\047\006\071\006\047\006\052\000\040\006\055\006\063\006\047\006\063\000\040\006\047\006\062\000\040\006\056\006\067\006\047}{section.5}% 26
\BOOKMARK [1][-]{section.6}{\376\377\006\106\006\063\006\056\006\107\040\014\006\050\006\106\006\057\006\314\000\040\006\110\000\040\006\063\006\047\006\062\006\257\006\047\006\061\006\314}{}% 27
\BOOKMARK [1][-]{section.7}{\376\377\006\106\006\251\006\047\006\052\000\040\006\052\006\251\006\105\006\314\006\104\006\314\000\040\006\110\000\040\006\061\006\314\006\063\006\251\040\014\006\107\006\047\006\314\000\040\006\064\006\106\006\047\006\056\006\052\006\107\040\014\006\064\006\057\006\107}{}% 28
\BOOKMARK [1][-]{section.8}{\376\377\006\206\006\251\040\014\006\104\006\314\006\063\006\052\000\040\006\105\006\065\006\061\006\101\000\040\000A\000P\000I}{}% 29
