\BOOKMARK [1][-]{section.1}{\376\377\006\107\006\057\006\101\000\040\006\110\000\040\006\057\006\047\006\105\006\106\006\107\000\040\006\063\006\106\006\057}{}% 1
\BOOKMARK [1][-]{section.2}{\376\377\006\056\006\104\006\047\006\065\006\107\000\040\006\047\006\104\006\257\006\110\006\061\006\314\006\052\006\105\040\014\006\107\006\047\006\314\000\040\006\251\006\104\006\314\006\057\006\314}{}% 2
\BOOKMARK [1][-]{section.3}{\376\377\006\047\006\104\006\257\006\110\006\061\006\314\006\052\006\105\000\040\006\361\000:\000\040\006\047\006\055\006\061\006\047\006\062\000\040\006\107\006\110\006\314\006\052\000\040\000J\000W\000T\000\040\006\110\000\040\006\047\006\050\006\067\006\047\006\104\000\040\006\052\006\110\006\251\006\106}{}% 3
\BOOKMARK [2][-]{subsection.3.1}{\376\377\006\107\006\057\006\101}{section.3}% 4
\BOOKMARK [2][-]{subsection.3.2}{\376\377\006\110\006\061\006\110\006\057\006\314}{section.3}% 5
\BOOKMARK [2][-]{subsection.3.3}{\376\377\006\056\006\061\006\110\006\054\006\314}{section.3}% 6
\BOOKMARK [2][-]{subsection.3.4}{\376\377\006\064\006\050\006\107\040\014\006\251\006\057}{section.3}% 7
\BOOKMARK [2][-]{subsection.3.5}{\376\377\006\101\006\104\006\110\006\206\006\047\006\061\006\052}{section.3}% 8
\BOOKMARK [2][-]{subsection.3.6}{\376\377\006\176\006\314\006\206\006\314\006\057\006\257\006\314}{section.3}% 9
\BOOKMARK [2][-]{subsection.3.7}{\376\377\006\105\006\062\006\047\006\314\006\047}{section.3}% 10
\BOOKMARK [2][-]{subsection.3.8}{\376\377\006\105\006\055\006\057\006\110\006\057\006\314\006\052\040\014\006\107\006\047}{section.3}% 11
\BOOKMARK [1][-]{section.4}{\376\377\006\047\006\104\006\257\006\110\006\061\006\314\006\052\006\105\000\040\006\362\000:\000\040\006\251\006\106\006\052\006\061\006\104\000\040\006\057\006\063\006\052\006\061\006\063\006\314\000\040\006\206\006\106\006\057\006\105\006\063\006\052\006\047\006\054\006\061\006\314\000\040\006\050\006\107\000\040\006\063\006\047\006\314\006\052}{}% 12
\BOOKMARK [2][-]{subsection.4.1}{\376\377\006\107\006\057\006\101}{section.4}% 13
\BOOKMARK [2][-]{subsection.4.2}{\376\377\006\110\006\061\006\110\006\057\006\314}{section.4}% 14
\BOOKMARK [2][-]{subsection.4.3}{\376\377\006\056\006\061\006\110\006\054\006\314}{section.4}% 15
\BOOKMARK [2][-]{subsection.4.4}{\376\377\006\064\006\050\006\107\040\014\006\251\006\057}{section.4}% 16
\BOOKMARK [2][-]{subsection.4.5}{\376\377\006\101\006\104\006\110\006\206\006\047\006\061\006\052}{section.4}% 17
\BOOKMARK [2][-]{subsection.4.6}{\376\377\006\176\006\314\006\206\006\314\006\057\006\257\006\314}{section.4}% 18
\BOOKMARK [2][-]{subsection.4.7}{\376\377\006\105\006\062\006\047\006\314\006\047}{section.4}% 19
\BOOKMARK [2][-]{subsection.4.8}{\376\377\006\105\006\055\006\057\006\110\006\057\006\314\006\052\040\014\006\107\006\047}{section.4}% 20
\BOOKMARK [1][-]{section.5}{\376\377\006\047\006\104\006\257\006\110\006\061\006\314\006\052\006\105\000\040\006\363\000:\000\040\006\064\006\061\006\110\006\071\000\040\006\314\006\047\000\040\006\050\006\047\006\062\006\314\006\047\006\050\006\314\000\040\006\105\006\251\006\047\006\104\006\105\006\107\000\040\006\057\006\061\000\040\000W\000i\000d\000g\000e\000t}{}% 21
\BOOKMARK [2][-]{subsection.5.1}{\376\377\006\107\006\057\006\101}{section.5}% 22
\BOOKMARK [2][-]{subsection.5.2}{\376\377\006\110\006\061\006\110\006\057\006\314}{section.5}% 23
\BOOKMARK [2][-]{subsection.5.3}{\376\377\006\056\006\061\006\110\006\054\006\314}{section.5}% 24
\BOOKMARK [2][-]{subsection.5.4}{\376\377\006\064\006\050\006\107\040\014\006\251\006\057}{section.5}% 25
\BOOKMARK [2][-]{subsection.5.5}{\376\377\006\101\006\104\006\110\006\206\006\047\006\061\006\052}{section.5}% 26
\BOOKMARK [2][-]{subsection.5.6}{\376\377\006\176\006\314\006\206\006\314\006\057\006\257\006\314}{section.5}% 27
\BOOKMARK [2][-]{subsection.5.7}{\376\377\006\105\006\062\006\047\006\314\006\047}{section.5}% 28
\BOOKMARK [2][-]{subsection.5.8}{\376\377\006\105\006\055\006\057\006\110\006\057\006\314\006\052\040\014\006\107\006\047}{section.5}% 29
\BOOKMARK [1][-]{section.6}{\376\377\006\047\006\104\006\257\006\110\006\061\006\314\006\052\006\105\000\040\006\364\000:\000\040\006\047\006\071\006\105\006\047\006\104\000\040\006\105\006\055\006\057\006\110\006\057\006\314\006\052\040\014\006\107\006\047\006\314\000\040\006\176\006\104\006\106}{}% 30
\BOOKMARK [2][-]{subsection.6.1}{\376\377\006\107\006\057\006\101}{section.6}% 31
\BOOKMARK [2][-]{subsection.6.2}{\376\377\006\110\006\061\006\110\006\057\006\314}{section.6}% 32
\BOOKMARK [2][-]{subsection.6.3}{\376\377\006\056\006\061\006\110\006\054\006\314}{section.6}% 33
\BOOKMARK [2][-]{subsection.6.4}{\376\377\006\064\006\050\006\107\040\014\006\251\006\057}{section.6}% 34
\BOOKMARK [2][-]{subsection.6.5}{\376\377\006\101\006\104\006\110\006\206\006\047\006\061\006\052}{section.6}% 35
\BOOKMARK [2][-]{subsection.6.6}{\376\377\006\176\006\314\006\206\006\314\006\057\006\257\006\314}{section.6}% 36
\BOOKMARK [2][-]{subsection.6.7}{\376\377\006\105\006\062\006\047\006\314\006\047}{section.6}% 37
\BOOKMARK [2][-]{subsection.6.8}{\376\377\006\105\006\055\006\057\006\110\006\057\006\314\006\052\040\014\006\107\006\047}{section.6}% 38
\BOOKMARK [1][-]{section.7}{\376\377\006\047\006\104\006\257\006\110\006\061\006\314\006\052\006\105\000\040\006\365\000:\000\040\006\105\006\055\006\057\006\110\006\057\006\063\006\047\006\062\006\314\000\040\006\106\006\061\006\056\000\040\006\057\006\061\006\056\006\110\006\047\006\063\006\052}{}% 39
\BOOKMARK [2][-]{subsection.7.1}{\376\377\006\107\006\057\006\101}{section.7}% 40
\BOOKMARK [2][-]{subsection.7.2}{\376\377\006\110\006\061\006\110\006\057\006\314}{section.7}% 41
\BOOKMARK [2][-]{subsection.7.3}{\376\377\006\056\006\061\006\110\006\054\006\314}{section.7}% 42
\BOOKMARK [2][-]{subsection.7.4}{\376\377\006\064\006\050\006\107\040\014\006\251\006\057}{section.7}% 43
\BOOKMARK [2][-]{subsection.7.5}{\376\377\006\101\006\104\006\110\006\206\006\047\006\061\006\052}{section.7}% 44
\BOOKMARK [2][-]{subsection.7.6}{\376\377\006\176\006\314\006\206\006\314\006\057\006\257\006\314}{section.7}% 45
\BOOKMARK [2][-]{subsection.7.7}{\376\377\006\105\006\062\006\047\006\314\006\047}{section.7}% 46
\BOOKMARK [2][-]{subsection.7.8}{\376\377\006\105\006\055\006\057\006\110\006\057\006\314\006\052\040\014\006\107\006\047}{section.7}% 47
\BOOKMARK [1][-]{section.8}{\376\377\006\047\006\104\006\257\006\110\006\061\006\314\006\052\006\105\000\040\006\366\000:\000\040\006\056\006\062\006\314\006\057\006\106\000\040\006\063\006\047\006\314\006\052\000\040\006\110\000\040\006\063\006\047\006\056\006\052\000\040\006\057\006\047\006\106\006\064}{}% 48
\BOOKMARK [2][-]{subsection.8.1}{\376\377\006\107\006\057\006\101}{section.8}% 49
\BOOKMARK [2][-]{subsection.8.2}{\376\377\006\110\006\061\006\110\006\057\006\314}{section.8}% 50
\BOOKMARK [2][-]{subsection.8.3}{\376\377\006\056\006\061\006\110\006\054\006\314}{section.8}% 51
\BOOKMARK [2][-]{subsection.8.4}{\376\377\006\064\006\050\006\107\040\014\006\251\006\057}{section.8}% 52
\BOOKMARK [2][-]{subsection.8.5}{\376\377\006\101\006\104\006\110\006\206\006\047\006\061\006\052}{section.8}% 53
\BOOKMARK [2][-]{subsection.8.6}{\376\377\006\176\006\314\006\206\006\314\006\057\006\257\006\314}{section.8}% 54
\BOOKMARK [2][-]{subsection.8.7}{\376\377\006\105\006\062\006\047\006\314\006\047}{section.8}% 55
\BOOKMARK [2][-]{subsection.8.8}{\376\377\006\105\006\055\006\057\006\110\006\057\006\314\006\052\040\014\006\107\006\047}{section.8}% 56
\BOOKMARK [1][-]{section.9}{\376\377\006\047\006\104\006\257\006\110\006\061\006\314\006\052\006\105\000\040\006\367\000:\000\040\006\106\006\061\006\105\006\047\006\104\040\014\006\063\006\047\006\062\006\314\006\014\000\040\006\102\006\067\006\071\006\107\040\014\006\050\006\106\006\057\006\314\000\040\006\110\000\040\006\047\006\063\006\052\006\056\006\061\006\047\006\054\000\040\006\110\006\047\006\230\006\107\040\014\006\107\006\047\006\314\000\040\006\105\006\107\006\105}{}% 57
\BOOKMARK [2][-]{subsection.9.1}{\376\377\006\107\006\057\006\101}{section.9}% 58
\BOOKMARK [2][-]{subsection.9.2}{\376\377\006\110\006\061\006\110\006\057\006\314}{section.9}% 59
\BOOKMARK [2][-]{subsection.9.3}{\376\377\006\056\006\061\006\110\006\054\006\314}{section.9}% 60
\BOOKMARK [2][-]{subsection.9.4}{\376\377\006\064\006\050\006\107\040\014\006\251\006\057}{section.9}% 61
\BOOKMARK [2][-]{subsection.9.5}{\376\377\006\101\006\104\006\110\006\206\006\047\006\061\006\052}{section.9}% 62
\BOOKMARK [2][-]{subsection.9.6}{\376\377\006\176\006\314\006\206\006\314\006\057\006\257\006\314}{section.9}% 63
\BOOKMARK [2][-]{subsection.9.7}{\376\377\006\105\006\062\006\047\006\314\006\047}{section.9}% 64
\BOOKMARK [2][-]{subsection.9.8}{\376\377\006\105\006\055\006\057\006\110\006\057\006\314\006\052\040\014\006\107\006\047}{section.9}% 65
\BOOKMARK [1][-]{section.10}{\376\377\006\047\006\104\006\257\006\110\006\061\006\314\006\052\006\105\000\040\006\370\000:\000\040\006\050\006\047\006\062\006\314\006\047\006\050\006\314\000\040\006\110\000\040\006\061\006\052\006\050\006\107\040\014\006\050\006\106\006\057\006\314\000\040\006\176\006\047\006\063\006\056\000\040\000A\000I}{}% 66
\BOOKMARK [2][-]{subsection.10.1}{\376\377\006\107\006\057\006\101}{section.10}% 67
\BOOKMARK [2][-]{subsection.10.2}{\376\377\006\110\006\061\006\110\006\057\006\314}{section.10}% 68
\BOOKMARK [2][-]{subsection.10.3}{\376\377\006\056\006\061\006\110\006\054\006\314}{section.10}% 69
\BOOKMARK [2][-]{subsection.10.4}{\376\377\006\064\006\050\006\107\040\014\006\251\006\057}{section.10}% 70
\BOOKMARK [2][-]{subsection.10.5}{\376\377\006\101\006\104\006\110\006\206\006\047\006\061\006\052}{section.10}% 71
\BOOKMARK [2][-]{subsection.10.6}{\376\377\006\176\006\314\006\206\006\314\006\057\006\257\006\314}{section.10}% 72
\BOOKMARK [2][-]{subsection.10.7}{\376\377\006\105\006\062\006\047\006\314\006\047}{section.10}% 73
\BOOKMARK [2][-]{subsection.10.8}{\376\377\006\105\006\055\006\057\006\110\006\057\006\314\006\052\040\014\006\107\006\047}{section.10}% 74
\BOOKMARK [1][-]{section.11}{\376\377\006\047\006\104\006\257\006\110\006\061\006\314\006\052\006\105\000\040\006\371\000:\000\040\006\176\006\047\006\063\006\056\000\040\006\056\006\110\006\057\006\251\006\047\006\061\000\040\000A\000I\000\040\006\057\006\061\000\040\000W\000i\000d\000g\000e\000t}{}% 75
\BOOKMARK [2][-]{subsection.11.1}{\376\377\006\107\006\057\006\101}{section.11}% 76
\BOOKMARK [2][-]{subsection.11.2}{\376\377\006\110\006\061\006\110\006\057\006\314}{section.11}% 77
\BOOKMARK [2][-]{subsection.11.3}{\376\377\006\056\006\061\006\110\006\054\006\314}{section.11}% 78
\BOOKMARK [2][-]{subsection.11.4}{\376\377\006\064\006\050\006\107\040\014\006\251\006\057}{section.11}% 79
\BOOKMARK [2][-]{subsection.11.5}{\376\377\006\101\006\104\006\110\006\206\006\047\006\061\006\052}{section.11}% 80
\BOOKMARK [2][-]{subsection.11.6}{\376\377\006\176\006\314\006\206\006\314\006\057\006\257\006\314}{section.11}% 81
\BOOKMARK [2][-]{subsection.11.7}{\376\377\006\105\006\062\006\047\006\314\006\047}{section.11}% 82
\BOOKMARK [2][-]{subsection.11.8}{\376\377\006\105\006\055\006\057\006\110\006\057\006\314\006\052\040\014\006\107\006\047}{section.11}% 83
\BOOKMARK [1][-]{section.12}{\376\377\006\047\006\104\006\257\006\110\006\061\006\314\006\052\006\105\000\040\006\361\006\360\000:\000\040\006\052\006\110\006\104\006\314\006\057\000\040\006\176\006\314\006\064\006\106\006\107\006\047\006\057\000\040\006\176\006\047\006\063\006\056\000\040\006\050\006\061\006\047\006\314\000\040\000A\000g\000e\000n\000t}{}% 84
\BOOKMARK [2][-]{subsection.12.1}{\376\377\006\107\006\057\006\101}{section.12}% 85
\BOOKMARK [2][-]{subsection.12.2}{\376\377\006\110\006\061\006\110\006\057\006\314}{section.12}% 86
\BOOKMARK [2][-]{subsection.12.3}{\376\377\006\056\006\061\006\110\006\054\006\314}{section.12}% 87
\BOOKMARK [2][-]{subsection.12.4}{\376\377\006\064\006\050\006\107\040\014\006\251\006\057}{section.12}% 88
\BOOKMARK [2][-]{subsection.12.5}{\376\377\006\101\006\104\006\110\006\206\006\047\006\061\006\052}{section.12}% 89
\BOOKMARK [2][-]{subsection.12.6}{\376\377\006\176\006\314\006\206\006\314\006\057\006\257\006\314}{section.12}% 90
\BOOKMARK [2][-]{subsection.12.7}{\376\377\006\105\006\062\006\047\006\314\006\047}{section.12}% 91
\BOOKMARK [2][-]{subsection.12.8}{\376\377\006\105\006\055\006\057\006\110\006\057\006\314\006\052\040\014\006\107\006\047}{section.12}% 92
\BOOKMARK [1][-]{section.13}{\376\377\006\047\006\104\006\257\006\110\006\061\006\314\006\052\006\105\000\040\006\361\006\361\000:\000\040\006\047\006\071\006\052\006\050\006\047\006\061\006\063\006\106\006\054\006\314\000\040\006\110\000\040\006\060\006\056\006\314\006\061\006\107\000\040\006\047\006\105\006\106\000\040\006\101\006\047\006\314\006\104\000\040\006\176\006\314\006\110\006\063\006\052}{}% 93
\BOOKMARK [2][-]{subsection.13.1}{\376\377\006\107\006\057\006\101}{section.13}% 94
\BOOKMARK [2][-]{subsection.13.2}{\376\377\006\110\006\061\006\110\006\057\006\314}{section.13}% 95
\BOOKMARK [2][-]{subsection.13.3}{\376\377\006\056\006\061\006\110\006\054\006\314}{section.13}% 96
\BOOKMARK [2][-]{subsection.13.4}{\376\377\006\064\006\050\006\107\040\014\006\251\006\057}{section.13}% 97
\BOOKMARK [2][-]{subsection.13.5}{\376\377\006\101\006\104\006\110\006\206\006\047\006\061\006\052}{section.13}% 98
\BOOKMARK [2][-]{subsection.13.6}{\376\377\006\176\006\314\006\206\006\314\006\057\006\257\006\314}{section.13}% 99
\BOOKMARK [2][-]{subsection.13.7}{\376\377\006\105\006\062\006\047\006\314\006\047}{section.13}% 100
\BOOKMARK [2][-]{subsection.13.8}{\376\377\006\105\006\055\006\057\006\110\006\057\006\314\006\052\040\014\006\107\006\047}{section.13}% 101
\BOOKMARK [1][-]{section.14}{\376\377\006\047\006\104\006\257\006\110\006\061\006\314\006\052\006\105\000\040\006\361\006\362\000:\000\040\006\206\006\061\006\056\006\107\000\040\006\063\006\110\006\047\006\104\000\040\006\050\006\314\040\014\006\176\006\047\006\063\006\056\000\040\006\110\000\040\006\050\006\107\006\050\006\110\006\057\000\040\006\057\006\047\006\106\006\064}{}% 102
\BOOKMARK [2][-]{subsection.14.1}{\376\377\006\107\006\057\006\101}{section.14}% 103
\BOOKMARK [2][-]{subsection.14.2}{\376\377\006\110\006\061\006\110\006\057\006\314}{section.14}% 104
\BOOKMARK [2][-]{subsection.14.3}{\376\377\006\056\006\061\006\110\006\054\006\314}{section.14}% 105
\BOOKMARK [2][-]{subsection.14.4}{\376\377\006\064\006\050\006\107\040\014\006\251\006\057}{section.14}% 106
\BOOKMARK [2][-]{subsection.14.5}{\376\377\006\101\006\104\006\110\006\206\006\047\006\061\006\052}{section.14}% 107
\BOOKMARK [2][-]{subsection.14.6}{\376\377\006\176\006\314\006\206\006\314\006\057\006\257\006\314}{section.14}% 108
\BOOKMARK [2][-]{subsection.14.7}{\376\377\006\105\006\062\006\047\006\314\006\047}{section.14}% 109
\BOOKMARK [2][-]{subsection.14.8}{\376\377\006\105\006\055\006\057\006\110\006\057\006\314\006\052\040\014\006\107\006\047}{section.14}% 110
\BOOKMARK [1][-]{section.15}{\376\377\006\054\006\105\006\071\040\014\006\050\006\106\006\057\006\314\000\040\006\101\006\106\006\314}{}% 111
