\BOOKMARK [1][-]{section.1}{\376\377\006\056\006\104\006\047\006\065\006\107\000\040\006\105\006\057\006\314\006\061\006\314\006\052\006\314}{}% 1
\BOOKMARK [1][-]{section.2}{\376\377\006\105\006\071\006\061\006\101\006\314\000\040\006\064\006\061\006\251\006\052}{}% 2
\BOOKMARK [1][-]{section.3}{\376\377\006\105\006\071\006\061\006\101\006\314\000\040\006\105\006\055\006\065\006\110\006\104}{}% 3
\BOOKMARK [2][-]{subsection.3.1}{\376\377\006\105\006\047\006\107\006\314\006\052\000\040\006\105\006\055\006\065\006\110\006\104}{section.3}% 4
\BOOKMARK [2][-]{subsection.3.2}{\376\377\006\104\006\047\006\314\006\107\040\014\006\107\006\047\006\314\000\040\006\105\006\055\006\065\006\110\006\104}{section.3}% 5
\BOOKMARK [2][-]{subsection.3.3}{\376\377\006\047\006\061\006\062\006\064\000\040\006\176\006\314\006\064\006\106\006\107\006\047\006\057\006\314}{section.3}% 6
\BOOKMARK [1][-]{section.4}{\376\377\006\050\006\047\006\062\006\047\006\061\000\040\006\107\006\057\006\101}{}% 7
\BOOKMARK [2][-]{subsection.4.1}{\376\377\006\050\006\056\006\064\040\014\006\107\006\047\006\314\000\040\006\105\006\064\006\052\006\061\006\314}{section.4}% 8
\BOOKMARK [2][-]{subsection.4.2}{\376\377\006\106\006\314\006\047\006\062\006\107\006\047\006\314\000\040\006\047\006\065\006\104\006\314\000\040\006\050\006\047\006\062\006\047\006\061}{section.4}% 9
\BOOKMARK [1][-]{section.5}{\376\377\006\052\006\055\006\104\006\314\006\104\000\040\006\105\006\064\006\052\006\061\006\314}{}% 10
\BOOKMARK [2][-]{subsection.5.1}{\376\377\006\176\006\061\006\063\006\110\006\106\006\047\006\314\000\040\006\105\006\064\006\052\006\061\006\314}{section.5}% 11
\BOOKMARK [2][-]{subsection.5.2}{\376\377\006\101\006\061\006\042\006\314\006\106\006\057\000\040\006\056\006\061\006\314\006\057}{section.5}% 12
\BOOKMARK [1][-]{section.6}{\376\377\006\047\006\106\006\057\006\047\006\062\006\107\000\040\006\050\006\047\006\062\006\047\006\061}{}% 13
\BOOKMARK [1][-]{section.7}{\376\377\006\061\006\102\006\050\006\047}{}% 14
\BOOKMARK [2][-]{subsection.7.1}{\376\377\006\057\006\063\006\052\006\107\040\014\006\107\006\047\006\314\000\040\006\061\006\102\006\314\006\050}{section.7}% 15
\BOOKMARK [2][-]{subsection.7.2}{\376\377\006\054\006\047\006\314\006\257\006\047\006\107\000\040\006\176\006\314\006\064\006\106\006\107\006\047\006\057\006\314}{section.7}% 16
\BOOKMARK [1][-]{section.8}{\376\377\006\105\006\062\006\314\006\052\000\040\006\061\006\102\006\047\006\050\006\052\006\314}{}% 17
\BOOKMARK [1][-]{section.9}{\376\377\006\105\006\057\006\104\000\040\006\057\006\061\006\042\006\105\006\057}{}% 18
\BOOKMARK [2][-]{subsection.9.1}{\376\377\006\047\006\107\006\061\006\105\040\014\006\107\006\047\006\314\000\040\006\102\006\314\006\105\006\052\040\014\006\257\006\060\006\047\006\061\006\314}{section.9}% 19
\BOOKMARK [2][-]{subsection.9.2}{\376\377\006\176\006\104\006\106\040\014\006\107\006\047\006\314\000\040\006\176\006\314\006\064\006\106\006\107\006\047\006\057\006\314}{section.9}% 20
\BOOKMARK [2][-]{subsection.9.3}{\376\377\006\057\006\061\006\042\006\105\006\057\006\107\006\047\006\314\000\040\006\052\006\251\006\105\006\314\006\104\006\314}{section.9}% 21
\BOOKMARK [1][-]{section.10}{\376\377\006\047\006\063\006\052\006\061\006\047\006\052\006\230\006\314\000\040\006\101\006\061\006\110\006\064}{}% 22
\BOOKMARK [2][-]{subsection.10.1}{\376\377\006\101\006\047\006\062\000\040\006\047\006\110\006\104\000:\000\040\006\101\006\061\006\110\006\064\000\040\006\105\006\063\006\052\006\102\006\314\006\105\000\040\006\110\000\040\006\176\006\047\006\314\006\104\006\110\006\052}{section.10}% 23
\BOOKMARK [2][-]{subsection.10.2}{\376\377\006\101\006\047\006\062\000\040\006\057\006\110\006\105\000:\000\040\006\101\006\061\006\110\006\064\000\040\006\047\006\064\006\052\006\061\006\047\006\251\006\314}{section.10}% 24
\BOOKMARK [2][-]{subsection.10.3}{\376\377\006\251\006\047\006\106\006\047\006\104\040\014\006\107\006\047\006\314\000\040\006\101\006\061\006\110\006\064}{section.10}% 25
\BOOKMARK [1][-]{section.11}{\376\377\006\047\006\063\006\052\006\061\006\047\006\052\006\230\006\314\000\040\006\050\006\047\006\062\006\047\006\061\006\314\006\047\006\050\006\314}{}% 26
\BOOKMARK [2][-]{subsection.11.1}{\376\377\006\176\006\314\006\047\006\105\000\040\006\047\006\065\006\104\006\314}{section.11}% 27
\BOOKMARK [2][-]{subsection.11.2}{\376\377\006\105\006\110\006\102\006\071\006\314\006\052\040\014\006\063\006\047\006\062\006\314}{section.11}% 28
\BOOKMARK [2][-]{subsection.11.3}{\376\377\006\047\006\102\006\057\006\047\006\105\006\047\006\052\000\040\006\050\006\047\006\062\006\047\006\061\006\314\006\047\006\050\006\314}{section.11}% 29
\BOOKMARK [1][-]{section.12}{\376\377\006\050\006\061\006\106\006\047\006\105\006\107\000\040\006\052\006\110\006\063\006\071\006\107}{}% 30
\BOOKMARK [2][-]{subsection.12.1}{\376\377\006\366\000\040\006\105\006\047\006\107\000\040\006\047\006\110\006\104}{section.12}% 31
\BOOKMARK [2][-]{subsection.12.2}{\376\377\006\047\006\110\006\104\006\110\006\314\006\052\040\014\006\107\006\047\006\314\000\040\006\105\006\055\006\065\006\110\006\104\006\314}{section.12}% 32
\BOOKMARK [1][-]{section.13}{\376\377\006\063\006\047\006\056\006\052\006\047\006\061\000\040\006\052\006\314\006\105}{}% 33
\BOOKMARK [2][-]{subsection.13.1}{\376\377\006\052\006\314\006\105\000\040\006\101\006\071\006\104\006\314}{section.13}% 34
\BOOKMARK [2][-]{subsection.13.2}{\376\377\006\063\006\047\006\056\006\052\006\047\006\061\000\040\006\176\006\314\006\064\006\106\006\107\006\047\006\057\006\314\000\040\006\057\006\061\000\040\006\361\006\362\000\040\006\105\006\047\006\107\000\040\006\047\006\110\006\104}{section.13}% 35
\BOOKMARK [1][-]{section.14}{\376\377\006\050\006\061\006\106\006\047\006\105\006\107\000\040\006\047\006\063\006\052\006\056\006\057\006\047\006\105}{}% 36
\BOOKMARK [1][-]{section.15}{\376\377\006\107\006\062\006\314\006\106\006\107\040\014\006\107\006\047}{}% 37
\BOOKMARK [2][-]{subsection.15.1}{\376\377\006\057\006\063\006\052\006\107\040\014\006\107\006\047\006\314\000\040\006\107\006\062\006\314\006\106\006\107}{section.15}% 38
\BOOKMARK [2][-]{subsection.15.2}{\376\377\006\063\006\106\006\047\006\061\006\314\006\110\006\314\000\040\006\107\006\062\006\314\006\106\006\107\000\040\006\105\006\047\006\107\006\047\006\106\006\107}{section.15}% 39
\BOOKMARK [1][-]{section.16}{\376\377\006\176\006\314\006\064\040\014\006\050\006\314\006\106\006\314\000\040\006\057\006\061\006\042\006\105\006\057}{}% 40
\BOOKMARK [2][-]{subsection.16.1}{\376\377\006\101\006\061\006\066\006\314\006\047\006\052}{section.16}% 41
\BOOKMARK [2][-]{subsection.16.2}{\376\377\006\101\006\061\006\105\006\110\006\104\000\040\006\057\006\061\006\042\006\105\006\057}{section.16}% 42
\BOOKMARK [1][-]{section.17}{\376\377\006\106\006\102\006\067\006\107\000\040\006\063\006\061\000\040\006\050\006\107\000\040\006\063\006\061}{}% 43
\BOOKMARK [2][-]{subsection.17.1}{\376\377\006\061\006\110\006\064\000\040\006\105\006\055\006\047\006\063\006\050\006\107}{section.17}% 44
\BOOKMARK [2][-]{subsection.17.2}{\376\377\006\052\006\055\006\104\006\314\006\104\000\040\006\251\006\314\006\101\006\314}{section.17}% 45
\BOOKMARK [1][-]{section.18}{\376\377\006\052\006\055\006\104\006\314\006\104\000\040\006\061\006\314\006\063\006\251}{}% 46
\BOOKMARK [1][-]{section.19}{\376\377\006\050\006\061\006\106\006\047\006\105\006\107\000\040\006\176\006\106\006\054\040\014\006\063\006\047\006\104\006\107}{}% 47
\BOOKMARK [2][-]{subsection.19.1}{\376\377\006\063\006\047\006\104\000\040\006\047\006\110\006\104\000:\000\040\006\052\006\053\006\050\006\314\006\052\000\040\006\110\000\040\006\047\006\071\006\052\006\050\006\047\006\061\006\063\006\106\006\054\006\314}{section.19}% 48
\BOOKMARK [2][-]{subsection.19.2}{\376\377\006\063\006\047\006\104\000\040\006\057\006\110\006\105\000:\000\040\006\101\006\061\006\110\006\064\000\040\006\047\006\110\006\104\006\314\006\107\000\040\006\110\000\040\006\056\006\110\006\057\006\251\006\047\006\061\006\063\006\047\006\062\006\314}{section.19}% 49
\BOOKMARK [2][-]{subsection.19.3}{\376\377\006\063\006\047\006\104\000\040\006\063\006\110\006\105\000:\000\040\006\052\006\105\006\047\006\314\006\062\000\040\000A\000I\000\040\006\110\000\040\000i\000n\000t\000e\000g\000r\000a\000t\000i\000o\000n\000s}{section.19}% 50
\BOOKMARK [2][-]{subsection.19.4}{\376\377\006\063\006\047\006\104\000\040\006\206\006\107\006\047\006\061\006\105\000:\000\040\006\061\006\064\006\057\000\040\000a\000g\000e\000n\000c\000y\000\040\006\110\000\040\000v\000e\000r\000t\000i\000c\000a\000l}{section.19}% 51
\BOOKMARK [2][-]{subsection.19.5}{\376\377\006\063\006\047\006\104\000\040\006\176\006\106\006\054\006\105\000:\000\040\006\050\006\104\006\110\006\072\000\040\000S\000a\000a\000S\000\040\006\110\000\040\000e\000n\000t\000e\000r\000p\000r\000i\000s\000e\000\040\000r\000e\000a\000d\000i\000n\000e\000s\000s}{section.19}% 52
\BOOKMARK [1][-]{section.20}{\376\377\006\064\006\047\006\056\006\065\040\014\006\107\006\047\006\314\000\040\006\251\006\104\006\314\006\057\006\314\000\040\006\105\006\110\006\101\006\102\006\314\006\052}{}% 53
\BOOKMARK [1][-]{section.21}{\376\377\006\054\006\105\006\071\040\014\006\050\006\106\006\057\006\314}{}% 54
