\BOOKMARK [1][-]{section.1}{\376\377\006\107\006\057\006\101\000\040\006\110\000\040\006\057\006\047\006\105\006\106\006\107\000\040\006\063\006\106\006\057}{}% 1
\BOOKMARK [1][-]{section.2}{\376\377\006\056\006\104\006\047\006\065\006\107\000\040\006\110\006\066\006\071\006\314\006\052\000\040\006\047\006\105\006\106\006\314\006\052\006\314}{}% 2
\BOOKMARK [1][-]{section.3}{\376\377\006\057\006\047\006\061\006\047\006\314\006\314\040\014\006\107\006\047\000\040\006\110\000\040\006\105\006\061\006\062\006\107\006\047\006\314\000\040\006\047\006\071\006\052\006\105\006\047\006\057}{}% 3
\BOOKMARK [2][-]{subsection.3.1}{\376\377\006\057\006\047\006\061\006\047\006\314\006\314\040\014\006\107\006\047\006\314\000\040\006\055\006\063\006\047\006\063}{section.3}% 4
\BOOKMARK [2][-]{subsection.3.2}{\376\377\006\105\006\061\006\062\006\107\006\047\006\314\000\040\006\047\006\071\006\052\006\105\006\047\006\057}{section.3}% 5
\BOOKMARK [1][-]{section.4}{\376\377\000A\000u\000t\000h\000e\000n\000t\000i\000c\000a\000t\000i\000o\000n}{}% 6
\BOOKMARK [2][-]{subsection.4.1}{\376\377\006\110\006\061\006\110\006\057\000\040\006\251\006\047\006\061\006\050\006\061\006\047\006\106\000\040\006\176\006\106\006\104}{section.4}% 7
\BOOKMARK [2][-]{subsection.4.2}{\376\377\006\052\006\072\006\314\006\314\006\061\000\040\006\061\006\105\006\062}{section.4}% 8
\BOOKMARK [2][-]{subsection.4.3}{\376\377\006\056\006\061\006\110\006\054\000\040\006\047\006\062\000\040\006\107\006\105\006\107\000\040\006\106\006\064\006\063\006\052\040\014\006\107\006\047}{section.4}% 9
\BOOKMARK [1][-]{section.5}{\376\377\000J\000W\000T}{}% 10
\BOOKMARK [2][-]{subsection.5.1}{\376\377\006\063\006\047\006\056\006\052\006\047\006\061\000\040\006\110\000\040\006\047\006\105\006\066\006\047}{section.5}% 11
\BOOKMARK [2][-]{subsection.5.2}{\376\377\006\047\006\071\006\052\006\050\006\047\006\061\006\063\006\106\006\054\006\314\000\040\006\052\006\110\006\251\006\106}{section.5}% 12
\BOOKMARK [2][-]{subsection.5.3}{\376\377\006\061\006\314\006\063\006\251\040\014\006\107\006\047\006\314\000\040\000J\000W\000T}{section.5}% 13
\BOOKMARK [1][-]{section.6}{\376\377\000A\000u\000t\000h\000o\000r\000i\000z\000a\000t\000i\000o\000n}{}% 14
\BOOKMARK [2][-]{subsection.6.1}{\376\377\006\106\006\102\006\064\040\014\006\107\006\047}{section.6}% 15
\BOOKMARK [2][-]{subsection.6.2}{\376\377\006\251\006\106\006\052\006\061\006\104\000\040\000t\000e\000n\000a\000n\000t\000\040\006\110\000\040\006\063\006\047\006\314\006\052}{section.6}% 16
\BOOKMARK [2][-]{subsection.6.3}{\376\377\006\251\006\106\006\052\006\061\006\104\000\040\006\176\006\104\006\106\000\040\006\110\000\040\006\102\006\047\006\050\006\104\006\314\006\052}{section.6}% 17
\BOOKMARK [1][-]{section.7}{\376\377\000C\000O\000R\000S\000\040\006\110\000\040\006\047\006\105\006\106\006\314\006\052\000\040\006\110\006\314\006\054\006\052}{}% 18
\BOOKMARK [2][-]{subsection.7.1}{\376\377\000C\000O\000R\000S\000\040\006\176\006\106\006\104}{section.7}% 19
\BOOKMARK [2][-]{subsection.7.2}{\376\377\000C\000O\000R\000S\000\040\006\110\006\314\006\054\006\052}{section.7}% 20
\BOOKMARK [2][-]{subsection.7.3}{\376\377\006\061\006\314\006\063\006\251\040\014\006\107\006\047\006\314\000\040\006\110\006\314\006\054\006\052\000\040\006\071\006\105\006\110\006\105\006\314}{section.7}% 21
\BOOKMARK [1][-]{section.8}{\376\377\000R\000a\000t\000e\000\040\000L\000i\000m\000i\000t\000\040\006\110\000\040\006\105\006\102\006\047\006\050\006\104\006\107\000\040\006\050\006\047\000\040\006\063\006\110\006\041\006\047\006\063\006\052\006\101\006\047\006\057\006\107}{}% 22
\BOOKMARK [1][-]{section.9}{\376\377\000H\000a\000s\000h\006\014\000\040\000E\000n\000c\000r\000y\000p\000t\000i\000o\000n\000\040\006\110\000\040\006\105\006\057\006\314\006\061\006\314\006\052\000\040\006\061\006\105\006\062\006\107\006\047}{}% 23
\BOOKMARK [2][-]{subsection.9.1}{\376\377\000H\000a\000s\000h\000\040\006\061\006\105\006\062\000\040\006\071\006\050\006\110\006\061}{section.9}% 24
\BOOKMARK [2][-]{subsection.9.2}{\376\377\000E\000n\000c\000r\000y\000p\000t\000i\000o\000n}{section.9}% 25
\BOOKMARK [2][-]{subsection.9.3}{\376\377\000S\000e\000c\000r\000e\000t\000\040\000M\000a\000n\000a\000g\000e\000m\000e\000n\000t}{section.9}% 26
\BOOKMARK [1][-]{section.10}{\376\377\006\047\006\105\006\106\006\314\006\052\000\040\006\042\006\176\006\104\006\110\006\057\000\040\006\101\006\047\006\314\006\104}{}% 27
\BOOKMARK [1][-]{section.11}{\376\377\000A\000u\000d\000i\000t\000\040\000L\000o\000g\000\040\006\110\000\040\000L\000o\000g\000g\000i\000n\000g}{}% 28
\BOOKMARK [2][-]{subsection.11.1}{\376\377\000A\000u\000d\000i\000t\000\040\006\105\006\057\006\314\006\061\006\314\006\052\006\314}{section.11}% 29
\BOOKMARK [2][-]{subsection.11.2}{\376\377\000E\000r\000r\000o\000r\000\040\000H\000a\000n\000d\000l\000i\000n\000g}{section.11}% 30
\BOOKMARK [1][-]{section.12}{\376\377\000S\000e\000c\000u\000r\000i\000t\000y\000\040\000H\000e\000a\000d\000e\000r\000s}{}% 31
\BOOKMARK [1][-]{section.13}{\376\377\006\047\006\105\006\106\006\314\006\052\000\040\006\057\006\314\006\052\006\047\006\050\006\314\006\063\000\040\006\110\000\040\000Q\000u\000e\000r\000y\006\107\006\047}{}% 32
\BOOKMARK [1][-]{section.14}{\376\377\000T\000h\000r\000e\000a\000t\000\040\000M\000o\000d\000e\000l}{}% 33
\BOOKMARK [1][-]{section.15}{\376\377\006\106\006\257\006\047\006\064\006\052\000\040\000O\000W\000A\000S\000P\000\040\000T\000o\000p\000\040\0001\0000}{}% 34
\BOOKMARK [1][-]{section.16}{\376\377\000B\000a\000c\000k\000u\000p\000\040\006\110\000\040\000R\000e\000c\000o\000v\000e\000r\000y}{}% 35
\BOOKMARK [1][-]{section.17}{\376\377\006\061\006\314\006\063\006\251\040\014\006\107\006\047\000\040\006\110\000\040\006\064\006\251\006\047\006\101\040\014\006\107\006\047\006\314\000\040\006\064\006\106\006\047\006\056\006\052\006\107\040\014\006\064\006\057\006\107}{}% 36
\BOOKMARK [1][-]{section.18}{\376\377\006\206\006\251\040\014\006\104\006\314\006\063\006\052\000\040\000P\000r\000o\000d\000u\000c\000t\000i\000o\000n}{}% 37
\BOOKMARK [1][-]{section.19}{\376\377\006\054\006\105\006\071\040\014\006\050\006\106\006\057\006\314}{}% 38
