\BOOKMARK [1][-]{section.1}{\376\377\006\107\006\057\006\101\000\040\006\110\000\040\006\057\006\047\006\105\006\106\006\107\000\040\006\063\006\106\006\057}{}% 1
\BOOKMARK [1][-]{section.2}{\376\377\006\056\006\104\006\047\006\065\006\107\000\040\006\105\006\071\006\105\006\047\006\061\006\314}{}% 2
\BOOKMARK [1][-]{section.3}{\376\377\000A\000r\000c\000h\000i\000t\000e\000c\000t\000u\000r\000e\000\040\000D\000i\000a\000g\000r\000a\000m}{}% 3
\BOOKMARK [2][-]{subsection.3.1}{\376\377\006\052\006\110\006\066\006\314\006\055\000\040\006\105\006\071\006\105\006\047\006\061\006\314\000\040\006\251\006\104\006\047\006\106}{section.3}% 4
\BOOKMARK [1][-]{section.4}{\376\377\000C\000o\000n\000t\000e\000x\000t\000\040\000D\000i\000a\000g\000r\000a\000m}{}% 5
\BOOKMARK [1][-]{section.5}{\376\377\000C\000o\000m\000p\000o\000n\000e\000n\000t\000\040\000D\000i\000a\000g\000r\000a\000m}{}% 6
\BOOKMARK [2][-]{subsection.5.1}{\376\377\006\047\006\054\006\062\006\047\006\314\000\040\006\047\006\065\006\104\006\314}{section.5}% 7
\BOOKMARK [1][-]{section.6}{\376\377\000D\000e\000p\000l\000o\000y\000m\000e\000n\000t\000\040\000D\000i\000a\000g\000r\000a\000m}{}% 8
\BOOKMARK [2][-]{subsection.6.1}{\376\377\006\110\006\047\006\055\006\057\006\107\006\047\006\314\000\040\006\102\006\047\006\050\006\104\000\040\006\047\006\063\006\052\006\102\006\061\006\047\006\061}{section.6}% 9
\BOOKMARK [1][-]{section.7}{\376\377\000S\000e\000q\000u\000e\000n\000c\000e\000\040\000D\000i\000a\000g\000r\000a\000m\006\107\006\047}{}% 10
\BOOKMARK [2][-]{subsection.7.1}{\376\377\006\054\006\061\006\314\006\047\006\106\000\040\006\047\006\314\006\054\006\047\006\057\000\040\006\105\006\064\006\052\006\061\006\314\000\040\006\052\006\110\006\063\006\067\000\040\006\063\006\110\006\176\006\061\006\047\006\057\006\105\006\314\006\106}{section.7}% 11
\BOOKMARK [2][-]{subsection.7.2}{\376\377\006\054\006\061\006\314\006\047\006\106\000\040\006\105\006\251\006\047\006\104\006\105\006\107\000\040\006\050\006\047\006\062\006\057\006\314\006\057\006\251\006\106\006\106\006\057\006\107\000\040\006\110\000\040\006\176\006\047\006\063\006\056\000\040\006\056\006\110\006\057\006\251\006\047\006\061\000\040\000A\000I}{section.7}% 12
\BOOKMARK [2][-]{subsection.7.3}{\376\377\006\054\006\061\006\314\006\047\006\106\000\040\006\176\006\314\006\064\006\106\006\107\006\047\006\057\000\040\006\176\006\047\006\063\006\056\000\040\006\050\006\061\006\047\006\314\000\040\000A\000g\000e\000n\000t}{section.7}% 13
\BOOKMARK [1][-]{section.8}{\376\377\000C\000l\000a\000s\000s\000\040\000/\000\040\000D\000o\000m\000a\000i\000n\000\040\000D\000i\000a\000g\000r\000a\000m}{}% 14
\BOOKMARK [1][-]{section.9}{\376\377\000M\000i\000c\000r\000o\000s\000e\000r\000v\000i\000c\000e\000\040\000D\000i\000a\000g\000r\000a\000m\000\040\000/\000\040\006\106\006\102\006\064\006\107\000\040\006\063\006\061\006\110\006\314\006\063\040\014\006\107\006\047\006\314\000\040\006\105\006\106\006\067\006\102\006\314}{}% 15
\BOOKMARK [1][-]{section.10}{\376\377\000N\000e\000t\000w\000o\000r\000k\000\040\000D\000i\000a\000g\000r\000a\000m}{}% 16
\BOOKMARK [2][-]{subsection.10.1}{\376\377\006\105\006\061\006\062\006\107\006\047\006\314\000\040\006\047\006\105\006\106\006\314\006\052\006\314\000\040\006\064\006\050\006\251\006\107}{section.10}% 17
\BOOKMARK [1][-]{section.11}{\376\377\000D\000a\000t\000a\000b\000a\000s\000e\000\040\000D\000i\000a\000g\000r\000a\000m}{}% 18
\BOOKMARK [2][-]{subsection.11.1}{\376\377\006\052\006\110\006\066\006\314\006\055\000\040\006\105\006\057\006\104\000\040\006\057\006\047\006\057\006\107}{section.11}% 19
\BOOKMARK [1][-]{section.12}{\376\377\006\105\006\071\006\105\006\047\006\061\006\314\000\040\006\054\006\061\006\314\006\047\006\106\000\040\006\057\006\047\006\057\006\107}{}% 20
\BOOKMARK [2][-]{subsection.12.1}{\376\377\006\054\006\061\006\314\006\047\006\106\000\040\006\057\006\047\006\057\006\107\000\040\006\206\006\052}{section.12}% 21
\BOOKMARK [2][-]{subsection.12.2}{\376\377\006\054\006\061\006\314\006\047\006\106\000\040\006\057\006\047\006\057\006\107\000\040\006\057\006\047\006\106\006\064\000\040\000A\000I}{section.12}% 22
\BOOKMARK [1][-]{section.13}{\376\377\006\052\006\065\006\105\006\314\006\105\040\014\006\107\006\047\006\314\000\040\006\105\006\071\006\105\006\047\006\061\006\314}{}% 23
\BOOKMARK [1][-]{section.14}{\376\377\006\105\006\102\006\314\006\047\006\063\040\014\006\176\006\060\006\314\006\061\006\314\000\040\006\110\000\040\006\105\006\063\006\314\006\061\000\040\006\052\006\251\006\047\006\105\006\104\000\040\006\105\006\071\006\105\006\047\006\061\006\314}{}% 24
\BOOKMARK [1][-]{section.15}{\376\377\006\061\006\314\006\063\006\251\040\014\006\107\006\047\000\040\006\110\000\040\006\105\006\055\006\057\006\110\006\057\006\314\006\052\040\014\006\107\006\047\006\314\000\040\006\105\006\071\006\105\006\047\006\061\006\314\000\040\006\101\006\071\006\104\006\314}{}% 25
\BOOKMARK [1][-]{section.16}{\376\377\006\054\006\105\006\071\040\014\006\050\006\106\006\057\006\314}{}% 26
